code SHA-256 22a5127d30e414a39bc13eea3317735cc364693be1b1686e71d251275cc466c9
status: official (code hash matches v1.0-module1)
GW150914           C01:IMRPhenomXPHM              s3 0.116 sigma_lin 9.47e-10  null z -0.02/0.99  scan std 0.93  Wilks cov 0.90  leak std 0.94  (62 s)
GW150914           C01:SEOBNRv4PHM                s3 0.126 sigma_lin 6.82e-10  null z -0.10/1.01  scan std 1.25  Wilks cov 0.80  leak std 1.85  (75 s)
GW170104           C01:IMRPhenomXPHM              s3 0.112 sigma_lin 5.46e-10  null z -0.04/0.97  scan std 1.28  Wilks cov 0.73  leak std 1.21  (126 s)
GW170104           C01:SEOBNRv4PHM                s3 0.258 sigma_lin 2.85e-10  null z +0.02/1.13  scan std 2.79  Wilks cov 0.66  leak std 2.62  (130 s)
GW170809           C01:IMRPhenomXPHM              s3 0.109 sigma_lin 9.57e-10  null z +0.16/1.03  scan std 1.46  Wilks cov 0.70  leak std 1.55  (77 s)
GW170809           C01:SEOBNRv4PHM                s3 0.191 sigma_lin 5.15e-10  null z +0.05/1.00  scan std 2.03  Wilks cov 0.64  leak std 2.15  (78 s)
GW170814           C01:IMRPhenomXPHM              s3 0.175 sigma_lin 6.26e-10  null z +0.01/1.04  scan std 1.85  Wilks cov 0.83  leak std 2.38  (150 s)
GW170814           C01:SEOBNRv4PHM                s3 0.253 sigma_lin 4.00e-10  null z -0.03/1.10  scan std 1.55  Wilks cov 0.84  leak std 2.10  (90 s)
GW170818           C01:IMRPhenomXPHM              s3 0.092 sigma_lin 1.22e-09  null z -0.09/1.06  scan std 1.30  Wilks cov 0.78  leak std 1.10  (105 s)
GW170818           C01:SEOBNRv4PHM                s3 0.293 sigma_lin 4.64e-10  null z +0.02/0.97  scan std 1.32  Wilks cov 0.83  leak std 1.94  (95 s)
GW170823           C01:IMRPhenomXPHM              s3 0.066 sigma_lin 1.18e-09  null z -0.08/0.99  scan std 1.15  Wilks cov 0.72  leak std 1.13  (55 s)
GW170823           C01:SEOBNRv4PHM                s3 0.076 sigma_lin 1.20e-09  null z -0.02/1.00  scan std 2.54  Wilks cov 0.59  leak std 2.60  (50 s)
GW190408_181802    C01:IMRPhenomXPHM              s3 0.154 sigma_lin 2.28e-10  null z +0.06/0.95  scan std 1.10  Wilks cov 0.82  leak std 1.47  (161 s)
GW190408_181802    C01:SEOBNRv4PHM                s3 0.362 sigma_lin 7.72e-11  null z -0.03/0.97  scan std 2.88  Wilks cov 0.64  leak std 2.82  (149 s)
GW190412           C01:IMRPhenomXPHM              s3 0.288 sigma_lin 1.36e-10  null z -0.09/0.95  scan std 1.90  Wilks cov 0.74  leak std 1.72  (263 s)
GW190412           C01:SEOBNRv4PHM                s3 0.423 sigma_lin 6.24e-11  null z +0.11/1.06  scan std 2.97  Wilks cov 0.79  leak std 2.85  (224 s)
GW190503_185404    C01:IMRPhenomXPHM              s3 0.100 sigma_lin 1.18e-09  null z +0.00/1.05  scan std 1.63  Wilks cov 0.66  leak std 1.64  (115 s)
GW190503_185404    C01:SEOBNRv4PHM                s3 0.163 sigma_lin 5.87e-10  null z +0.08/1.01  scan std 1.91  Wilks cov 0.70  leak std 1.66  (63 s)
GW190512_180714    C01:IMRPhenomXPHM              s3 0.128 sigma_lin 2.10e-10  null z +0.00/1.05  scan std 2.13  Wilks cov 0.67  leak std 2.13  (154 s)
GW190512_180714    C01:SEOBNRv4PHM                s3 0.377 sigma_lin 6.04e-11  null z +0.05/0.96  scan std 2.72  Wilks cov 0.67  leak std 2.78  (154 s)
GW190513_205428    C01:IMRPhenomXPHM              s3 0.119 sigma_lin 4.94e-10  null z +0.07/1.05  scan std 2.09  Wilks cov 0.62  leak std 2.04  (105 s)
GW190513_205428    C01:SEOBNRv4PHM                s3 0.158 sigma_lin 3.66e-10  null z +0.06/1.03  scan std 1.71  Wilks cov 0.73  leak std 1.97  (67 s)
GW190519_153544    C01:IMRPhenomXPHM              s3 0.090 sigma_lin 1.71e-09  null z -0.09/1.03  scan std 2.28  Wilks cov 0.52  leak std 2.26  (46 s)
GW190519_153544    C01:SEOBNRv4PHM                s3 0.190 sigma_lin 6.80e-10  null z -0.11/1.00  scan std 3.62  Wilks cov 0.55  leak std 3.73  (45 s)
GW190521_074359    C01:IMRPhenomXPHM              s3 0.038 sigma_lin 3.33e-09  null z +0.02/0.99  scan std 0.39  Wilks cov 0.90  leak std 0.41  (9 s)
GW190521_074359    C01:SEOBNRv4PHM                s3 0.197 sigma_lin 3.74e-10  null z +0.05/0.97  scan std 1.72  Wilks cov 0.83  leak std 1.93  (9 s)
GW190620_030421    C01:IMRPhenomXPHM              s3 0.103 sigma_lin 9.10e-10  null z +0.12/1.01  scan std 2.27  Wilks cov 0.52  leak std 2.81  (17 s)
GW190620_030421    C01:SEOBNRv4PHM                s3 0.236 sigma_lin 6.11e-10  null z +0.04/0.98  scan std 4.05  Wilks cov 0.53  leak std 3.89  (15 s)
GW190630_185205    C01:IMRPhenomXPHM              s3 0.249 sigma_lin 4.26e-10  null z -0.19/0.88  scan std 1.93  Wilks cov 0.72  leak std 1.91  (76 s)
GW190630_185205    C01:SEOBNRv4PHM                s3 0.253 sigma_lin 3.02e-10  null z +0.01/1.07  scan std 3.25  Wilks cov 0.63  leak std 3.36  (86 s)
GW190706_222641    C01:IMRPhenomXPHM              s3 0.051 sigma_lin 3.09e-09  null z -0.06/0.97  scan std 1.64  Wilks cov 0.38  leak std 1.67  (84 s)
GW190706_222641    C01:SEOBNRv4PHM                s3 0.225 sigma_lin 7.25e-10  null z -0.08/1.00  scan std 4.38  Wilks cov 0.54  leak std 3.86  (74 s)
GW190708_232457    C01:IMRPhenomXPHM              s3 0.156 sigma_lin 1.99e-10  null z -0.05/0.93  scan std 2.17  Wilks cov 0.67  leak std 3.00  (180 s)
GW190708_232457    C01:SEOBNRv4PHM                s3 0.328 sigma_lin 7.97e-11  null z -0.05/0.93  scan std 4.05  Wilks cov 0.58  leak std 4.23  (175 s)
GW190910_112807    C01:IMRPhenomXPHM              s3 0.083 sigma_lin 1.78e-09  null z +0.06/0.96  scan std 0.97  Wilks cov 0.80  leak std 1.09  (17 s)
GW190910_112807    C01:SEOBNRv4PHM                s3 0.286 sigma_lin 3.53e-10  null z +0.02/0.94  scan std 2.75  Wilks cov 0.68  leak std 2.92  (15 s)
GW190915_235702    C01:IMRPhenomXPHM              s3 0.129 sigma_lin 4.51e-10  null z +0.09/1.02  scan std 1.83  Wilks cov 0.68  leak std 1.67  (154 s)
GW190915_235702    C01:SEOBNRv4PHM                s3 0.331 sigma_lin 2.35e-10  null z -0.01/0.88  scan std 3.89  Wilks cov 0.56  leak std 4.06  (200 s)
GW191109_010717    C01:IMRPhenomXPHM              s3 0.200 sigma_lin 1.33e-09  null z +0.02/1.02  scan std 3.19  Wilks cov 0.63  leak std 4.17  (16 s)
GW191109_010717    C01:SEOBNRv4PHM                s3 0.287 sigma_lin 5.69e-10  null z +0.14/1.02  scan std 3.39  Wilks cov 0.76  leak std 3.52  (17 s)
/home/lenovo/gw/module1_run.py:243: RuntimeWarning: divide by zero encountered in divide
  Seff = {i: 4 * df / d[f"sw_{i}"].astype(np.float64) ** 2 for i in ifos}
GW191129_134029    C01:IMRPhenomXPHM              s3 0.230 sigma_lin 6.51e-11  null z +0.15/1.04  scan std 3.23  Wilks cov 0.51  leak std 3.10  (320 s)
GW191129_134029    C01:SEOBNRv4PHM                s3 0.410 sigma_lin 3.04e-11  null z +0.02/0.97  scan std 4.81  Wilks cov 0.46  leak std 4.93  (482 s)
GW191216_213338    C01:IMRPhenomXPHM              s3 0.259 sigma_lin 1.11e-10  null z +0.02/1.00  scan std 2.41  Wilks cov 0.68  leak std 2.26  (287 s)
GW191216_213338    C01:SEOBNRv4PHM                s3 0.324 sigma_lin 5.31e-11  null z -0.04/1.06  scan std 4.63  Wilks cov 0.61  leak std 4.76  (589 s)
GW191222_033537    C01:IMRPhenomXPHM              s3 0.047 sigma_lin 2.74e-09  null z +0.02/1.01  scan std 1.07  Wilks cov 0.63  leak std 0.97  (63 s)
GW191222_033537    C01:SEOBNRv4PHM                s3 0.201 sigma_lin 5.18e-10  null z -0.00/1.01  scan std 3.41  Wilks cov 0.52  leak std 3.30  (46 s)
GW200112_155838    C01:IMRPhenomXPHM              s3 0.079 sigma_lin 8.78e-10  null z -0.04/0.93  scan std 0.73  Wilks cov 0.78  leak std 0.70  (114 s)
GW200112_155838    C01:SEOBNRv4PHM                s3 0.169 sigma_lin 3.93e-10  null z -0.08/0.94  scan std 2.30  Wilks cov 0.75  leak std 2.08  (61 s)
GW200129_065458    C01:IMRPhenomXPHM              s3 0.085 sigma_lin 5.39e-10  null z +0.01/0.97  scan std 1.06  Wilks cov 0.81  leak std 1.16  (209 s)
GW200129_065458    C01:SEOBNRv4PHM                s3 0.268 sigma_lin 2.06e-10  null z +0.03/0.88  scan std 1.21  Wilks cov 0.81  leak std 1.53  (112 s)
GW200224_222234    C01:IMRPhenomXPHM              s3 0.134 sigma_lin 4.39e-10  null z -0.05/0.96  scan std 1.79  Wilks cov 0.69  leak std 1.58  (64 s)
GW200224_222234    C01:SEOBNRv4PHM                s3 0.238 sigma_lin 2.59e-10  null z +0.09/1.06  scan std 1.90  Wilks cov 0.75  leak std 2.16  (58 s)
GW200311_115853    C01:IMRPhenomXPHM              s3 0.165 sigma_lin 4.61e-10  null z +0.04/1.05  scan std 2.50  Wilks cov 0.62  leak std 2.44  (148 s)
GW200311_115853    C01:SEOBNRv4PHM                s3 0.299 sigma_lin 2.40e-10  null z +0.02/0.93  scan std 1.50  Wilks cov 0.82  leak std 1.53  (80 s)
GW230601_224134    C00:IMRPhenomXPHM-SpinTaylor   s3 0.218 sigma_lin 5.80e-10  null z +0.05/0.95  scan std 4.09  Wilks cov 0.52  leak std 3.82  (15 s)
GW230601_224134    C00:SEOBNRv5PHM                s3 0.336 sigma_lin 5.33e-10  null z +0.08/1.05  scan std 2.55  Wilks cov 0.72  leak std 2.88  (13 s)
GW230627_015337    C00:IMRPhenomXPHM-SpinTaylor   s3 0.203 sigma_lin 3.69e-11  null z -0.02/1.01  scan std 1.34  Wilks cov 0.85  leak std 0.85  (999 s)
GW230627_015337    C00:SEOBNRv5PHM                s3 0.279 sigma_lin 2.24e-11  null z +0.06/1.05  scan std 1.69  Wilks cov 0.84  leak std 1.40  (969 s)
GW230628_231200    C00:IMRPhenomXPHM-SpinTaylor   s3 0.115 sigma_lin 3.98e-10  null z -0.10/1.03  scan std 1.60  Wilks cov 0.68  leak std 1.46  (60 s)
GW230628_231200    C00:SEOBNRv5PHM                s3 0.231 sigma_lin 1.62e-10  null z +0.08/1.08  scan std 2.59  Wilks cov 0.62  leak std 2.21  (46 s)
GW230731_215307    C00:IMRPhenomXPHM-SpinTaylor   s3 0.089 sigma_lin 1.07e-10  null z +0.04/1.00  scan std 2.64  Wilks cov 0.41  leak std 2.94  (529 s)
GW230731_215307    C00:SEOBNRv5PHM                s3 0.109 sigma_lin 6.17e-11  null z -0.09/1.05  scan std 1.69  Wilks cov 0.60  leak std 2.32  (535 s)
GW230811_032116    C00:IMRPhenomXPHM-SpinTaylor   s3 0.102 sigma_lin 5.21e-10  null z -0.10/0.99  scan std 1.67  Wilks cov 0.54  leak std 1.79  (55 s)
GW230811_032116    C00:SEOBNRv5PHM                s3 0.158 sigma_lin 2.70e-10  null z +0.00/0.97  scan std 2.31  Wilks cov 0.63  leak std 3.02  (61 s)
GW230914_111401    C00:IMRPhenomXPHM-SpinTaylor   s3 0.090 sigma_lin 1.57e-09  null z +0.05/0.96  scan std 1.78  Wilks cov 0.60  leak std 1.69  (68 s)
GW230914_111401    C00:SEOBNRv5PHM                s3 0.132 sigma_lin 1.34e-09  null z -0.09/0.93  scan std 1.78  Wilks cov 0.71  leak std 1.64  (50 s)
GW230919_215712    C00:IMRPhenomXPHM-SpinTaylor   s3 0.139 sigma_lin 2.68e-10  null z -0.00/0.94  scan std 1.31  Wilks cov 0.82  leak std 1.47  (134 s)
GW230919_215712    C00:SEOBNRv5PHM                s3 0.153 sigma_lin 2.15e-10  null z +0.17/1.04  scan std 2.14  Wilks cov 0.61  leak std 1.95  (133 s)
GW230922_020344    C00:IMRPhenomXPHM-SpinTaylor   s3 0.167 sigma_lin 3.98e-10  null z -0.00/0.99  scan std 1.86  Wilks cov 0.64  leak std 2.14  (65 s)
GW230922_020344    C00:SEOBNRv5PHM                s3 0.145 sigma_lin 6.34e-10  null z -0.01/0.94  scan std 2.16  Wilks cov 0.69  leak std 2.08  (85 s)
GW230922_040658    C00:IMRPhenomXPHM-SpinTaylor   s3 0.223 sigma_lin 6.12e-10  null z -0.08/1.01  scan std 3.71  Wilks cov 0.44  leak std 3.88  (56 s)
GW230922_040658    C00:SEOBNRv5PHM                s3 0.222 sigma_lin 1.04e-09  null z +0.06/0.92  scan std 4.21  Wilks cov 0.62  leak std 4.15  (72 s)
GW230924_124453    C00:IMRPhenomXPHM-SpinTaylor   s3 0.083 sigma_lin 4.80e-10  null z -0.06/1.00  scan std 0.82  Wilks cov 0.87  leak std 0.77  (83 s)
GW230924_124453    C00:SEOBNRv5PHM                s3 0.082 sigma_lin 5.27e-10  null z +0.06/1.00  scan std 1.20  Wilks cov 0.76  leak std 0.95  (75 s)
GW230927_043729    C00:IMRPhenomXPHM-SpinTaylor   s3 0.143 sigma_lin 4.83e-10  null z +0.08/1.04  scan std 2.52  Wilks cov 0.58  leak std 2.37  (73 s)
GW230927_043729    C00:SEOBNRv5PHM                s3 0.137 sigma_lin 4.47e-10  null z +0.08/0.96  scan std 2.53  Wilks cov 0.51  leak std 2.45  (81 s)
GW230927_153832    C00:IMRPhenomXPHM-SpinTaylor   s3 0.069 sigma_lin 2.46e-10  null z +0.12/1.00  scan std 0.59  Wilks cov 0.87  leak std 0.49  (169 s)
GW230927_153832    C00:SEOBNRv5PHM                s3 0.144 sigma_lin 1.22e-10  null z -0.08/0.99  scan std 1.32  Wilks cov 0.71  leak std 1.28  (163 s)
GW231020_142947    C00:IMRPhenomXPHM-SpinTaylor   s3 0.315 sigma_lin 5.65e-11  null z +0.16/1.02  scan std 3.66  Wilks cov 0.69  leak std 3.66  (535 s)
GW231020_142947    C00:SEOBNRv5PHM                s3 0.133 sigma_lin 2.02e-10  null z +0.12/0.96  scan std 2.99  Wilks cov 0.44  leak std 3.73  (508 s)
GW231028_153006    C00:IMRPhenomXPHM-SpinTaylor   s3 0.047 sigma_lin 4.88e-09  null z +0.01/1.04  scan std 1.05  Wilks cov 0.70  leak std 1.09  (53 s)
GW231028_153006    C00:SEOBNRv5PHM                s3 0.075 sigma_lin 2.45e-09  null z +0.11/1.05  scan std 1.42  Wilks cov 0.81  leak std 1.55  (46 s)
GW231102_071736    C00:IMRPhenomXPHM-SpinTaylor   s3 0.121 sigma_lin 1.28e-09  null z -0.02/0.98  scan std 3.01  Wilks cov 0.38  leak std 3.01  (16 s)
GW231102_071736    C00:SEOBNRv5PHM                s3 0.315 sigma_lin 5.76e-10  null z -0.04/0.96  scan std 3.31  Wilks cov 0.74  leak std 3.27  (14 s)
GW231108_125142    C00:IMRPhenomXPHM-SpinTaylor   s3 0.167 sigma_lin 1.41e-10  null z -0.02/0.89  scan std 1.68  Wilks cov 0.77  leak std 1.58  (127 s)
GW231108_125142    C00:SEOBNRv5PHM                s3 0.148 sigma_lin 1.83e-10  null z -0.04/1.02  scan std 1.96  Wilks cov 0.60  leak std 1.78  (159 s)
GW231206_233134    C00:IMRPhenomXPHM-SpinTaylor   s3 0.140 sigma_lin 3.65e-10  null z -0.04/0.96  scan std 2.25  Wilks cov 0.61  leak std 2.23  (67 s)
GW231206_233134    C00:SEOBNRv5PHM                s3 0.186 sigma_lin 2.51e-10  null z -0.04/1.06  scan std 2.68  Wilks cov 0.56  leak std 3.09  (83 s)
GW231206_233901    C00:IMRPhenomXPHM-SpinTaylor   s3 0.083 sigma_lin 6.77e-10  null z -0.02/0.96  scan std 1.14  Wilks cov 0.75  leak std 1.29  (80 s)
GW231206_233901    C00:SEOBNRv5PHM                s3 0.104 sigma_lin 5.55e-10  null z -0.02/1.03  scan std 1.72  Wilks cov 0.68  leak std 1.62  (47 s)
GW231224_024321    C00:IMRPhenomXPHM-SpinTaylor   s3 0.265 sigma_lin 2.34e-11  null z -0.07/0.98  scan std 2.56  Wilks cov 0.74  leak std 2.63  (556 s)
GW231224_024321    C00:SEOBNRv5PHM                s3 0.164 sigma_lin 4.46e-11  null z -0.08/1.02  scan std 2.69  Wilks cov 0.49  leak std 3.19  (574 s)
GW231226_101520    C00:IMRPhenomXPHM-SpinTaylor   s3 0.093 sigma_lin 5.72e-10  null z -0.00/1.05  scan std 0.97  Wilks cov 0.79  leak std 0.90  (18 s)
GW231226_101520    C00:SEOBNRv5PHM                s3 0.108 sigma_lin 5.35e-10  null z -0.01/1.12  scan std 1.80  Wilks cov 0.66  leak std 1.63  (18 s)
