code SHA-256 22a5127d30e414a39bc13eea3317735cc364693be1b1686e71d251275cc466c9
status: official (code hash matches v1.0-module1)

=== GW150914 C01:IMRPhenomXPHM: cache valid, skipped

=== GW170104 C01:IMRPhenomXPHM: cache valid, skipped

=== GW170809 C01:IMRPhenomXPHM: building (cache absent)
    samples 100/1600  (1 s, about 12 s left)
    samples 200/1600  (2 s, about 11 s left)
    samples 300/1600  (2 s, about 10 s left)
    samples 400/1600  (3 s, about 9 s left)
    samples 500/1600  (4 s, about 9 s left)
    samples 600/1600  (5 s, about 8 s left)
    samples 700/1600  (5 s, about 7 s left)
    samples 800/1600  (6 s, about 6 s left)
    samples 900/1600  (7 s, about 6 s left)
    samples 1000/1600  (8 s, about 5 s left)
    samples 1100/1600  (9 s, about 4 s left)
    samples 1200/1600  (10 s, about 3 s left)
    samples 1300/1600  (11 s, about 2 s left)
    samples 1400/1600  (11 s, about 2 s left)
    samples 1500/1600  (12 s, about 1 s left)
    samples 1600/1600  (13 s, about 0 s left)
  cached: k 24/24, sigma_lin 9.574e-10 m^2, 9 MB, 15 s

=== GW170814 C01:IMRPhenomXPHM: building (cache absent)
    samples 100/1600  (1 s, about 14 s left)
    samples 200/1600  (2 s, about 13 s left)
    samples 300/1600  (3 s, about 12 s left)
    samples 400/1600  (4 s, about 11 s left)
    samples 500/1600  (4 s, about 10 s left)
    samples 600/1600  (5 s, about 9 s left)
    samples 700/1600  (6 s, about 8 s left)
    samples 800/1600  (7 s, about 7 s left)
    samples 900/1600  (8 s, about 7 s left)
    samples 1000/1600  (9 s, about 6 s left)
    samples 1100/1600  (10 s, about 5 s left)
    samples 1200/1600  (11 s, about 4 s left)
    samples 1300/1600  (12 s, about 3 s left)
    samples 1400/1600  (13 s, about 2 s left)
    samples 1500/1600  (14 s, about 1 s left)
    samples 1600/1600  (15 s, about 0 s left)
  cached: k 29/30, sigma_lin 6.257e-10 m^2, 16 MB, 17 s

=== GW170818 C01:IMRPhenomXPHM: building (cache absent)
    samples 100/1600  (1 s, about 12 s left)
    samples 200/1600  (2 s, about 11 s left)
    samples 300/1600  (2 s, about 10 s left)
    samples 400/1600  (3 s, about 9 s left)
    samples 500/1600  (4 s, about 8 s left)
    samples 600/1600  (4 s, about 7 s left)
    samples 700/1600  (5 s, about 7 s left)
    samples 800/1600  (6 s, about 6 s left)
    samples 900/1600  (7 s, about 5 s left)
    samples 1000/1600  (8 s, about 5 s left)
    samples 1100/1600  (8 s, about 4 s left)
    samples 1200/1600  (9 s, about 3 s left)
    samples 1300/1600  (10 s, about 2 s left)
    samples 1400/1600  (11 s, about 2 s left)
    samples 1500/1600  (11 s, about 1 s left)
    samples 1600/1600  (12 s, about 0 s left)
  cached: k 28/27, sigma_lin 1.223e-09 m^2, 15 MB, 14 s

=== GW170823 C01:IMRPhenomXPHM: building (cache absent)
    samples 100/1600  (1 s, about 9 s left)
    samples 200/1600  (1 s, about 9 s left)
    samples 300/1600  (2 s, about 8 s left)
    samples 400/1600  (3 s, about 8 s left)
    samples 500/1600  (3 s, about 7 s left)
    samples 600/1600  (4 s, about 6 s left)
    samples 700/1600  (5 s, about 6 s left)
    samples 800/1600  (5 s, about 5 s left)
    samples 900/1600  (6 s, about 5 s left)
    samples 1000/1600  (7 s, about 4 s left)
    samples 1100/1600  (7 s, about 3 s left)
    samples 1200/1600  (8 s, about 3 s left)
    samples 1300/1600  (9 s, about 2 s left)
    samples 1400/1600  (9 s, about 1 s left)
    samples 1500/1600  (10 s, about 1 s left)
    samples 1600/1600  (10 s, about 0 s left)
  cached: k 25/25, sigma_lin 1.180e-09 m^2, 9 MB, 11 s

=== GW190408_181802 C01:IMRPhenomXPHM: building (cache absent)
    samples 100/1600  (2 s, about 24 s left)
    samples 200/1600  (3 s, about 23 s left)
    samples 300/1600  (5 s, about 21 s left)
    samples 400/1600  (6 s, about 19 s left)
    samples 500/1600  (8 s, about 17 s left)
    samples 600/1600  (9 s, about 16 s left)
    samples 700/1600  (11 s, about 14 s left)
    samples 800/1600  (12 s, about 12 s left)
    samples 900/1600  (15 s, about 12 s left)
    samples 1000/1600  (17 s, about 10 s left)
    samples 1100/1600  (18 s, about 8 s left)
    samples 1200/1600  (20 s, about 7 s left)
    samples 1300/1600  (21 s, about 5 s left)
    samples 1400/1600  (23 s, about 3 s left)
    samples 1500/1600  (24 s, about 2 s left)
    samples 1600/1600  (26 s, about 0 s left)
  cached: k 40/40, sigma_lin 2.284e-10 m^2, 35 MB, 28 s

=== GW190412 C01:IMRPhenomXPHM: building (cache absent)
    samples 100/1600  (2 s, about 33 s left)
    samples 200/1600  (4 s, about 30 s left)
    samples 300/1600  (6 s, about 27 s left)
    samples 400/1600  (8 s, about 25 s left)
    samples 500/1600  (10 s, about 22 s left)
    samples 600/1600  (12 s, about 20 s left)
    samples 700/1600  (14 s, about 18 s left)
    samples 800/1600  (16 s, about 16 s left)
    samples 900/1600  (20 s, about 16 s left)
    samples 1000/1600  (22 s, about 13 s left)
    samples 1100/1600  (24 s, about 11 s left)
    samples 1200/1600  (26 s, about 9 s left)
    samples 1300/1600  (29 s, about 7 s left)
    samples 1400/1600  (31 s, about 4 s left)
    samples 1500/1600  (33 s, about 2 s left)
    samples 1600/1600  (35 s, about 0 s left)
  cached: k 40/41, sigma_lin 1.362e-10 m^2, 71 MB, 39 s

=== GW190503_185404 C01:IMRPhenomXPHM: building (cache absent)
    samples 100/1600  (1 s, about 10 s left)
    samples 200/1600  (1 s, about 10 s left)
    samples 300/1600  (2 s, about 9 s left)
    samples 400/1600  (3 s, about 8 s left)
    samples 500/1600  (3 s, about 7 s left)
    samples 600/1600  (4 s, about 7 s left)
    samples 700/1600  (5 s, about 6 s left)
    samples 800/1600  (5 s, about 5 s left)
    samples 900/1600  (6 s, about 5 s left)
    samples 1000/1600  (7 s, about 4 s left)
    samples 1100/1600  (8 s, about 3 s left)
    samples 1200/1600  (8 s, about 3 s left)
    samples 1300/1600  (9 s, about 2 s left)
    samples 1400/1600  (10 s, about 1 s left)
    samples 1500/1600  (10 s, about 1 s left)
    samples 1600/1600  (11 s, about 0 s left)
  cached: k 33/32, sigma_lin 1.181e-09 m^2, 16 MB, 12 s

=== GW190512_180714 C01:IMRPhenomXPHM: building (cache absent)
    samples 100/1600  (2 s, about 26 s left)
    samples 200/1600  (3 s, about 24 s left)
    samples 300/1600  (5 s, about 22 s left)
    samples 400/1600  (7 s, about 20 s left)
    samples 500/1600  (8 s, about 18 s left)
    samples 600/1600  (10 s, about 17 s left)
    samples 700/1600  (12 s, about 15 s left)
    samples 800/1600  (13 s, about 13 s left)
    samples 900/1600  (16 s, about 13 s left)
    samples 1000/1600  (18 s, about 11 s left)
    samples 1100/1600  (19 s, about 9 s left)
    samples 1200/1600  (21 s, about 7 s left)
    samples 1300/1600  (23 s, about 5 s left)
    samples 1400/1600  (25 s, about 4 s left)
    samples 1500/1600  (26 s, about 2 s left)
    samples 1600/1600  (28 s, about 0 s left)
  cached: k 57/56, sigma_lin 2.104e-10 m^2, 41 MB, 30 s

=== GW190513_205428 C01:IMRPhenomXPHM: building (cache absent)
    samples 100/1600  (1 s, about 12 s left)
    samples 200/1600  (2 s, about 11 s left)
    samples 300/1600  (2 s, about 10 s left)
    samples 400/1600  (3 s, about 10 s left)
    samples 500/1600  (4 s, about 9 s left)
    samples 600/1600  (5 s, about 8 s left)
    samples 700/1600  (6 s, about 7 s left)
    samples 800/1600  (6 s, about 6 s left)
    samples 900/1600  (8 s, about 6 s left)
    samples 1000/1600  (9 s, about 5 s left)
    samples 1100/1600  (9 s, about 4 s left)
    samples 1200/1600  (10 s, about 3 s left)
    samples 1300/1600  (11 s, about 3 s left)
    samples 1400/1600  (12 s, about 2 s left)
    samples 1500/1600  (12 s, about 1 s left)
    samples 1600/1600  (13 s, about 0 s left)
  cached: k 47/46, sigma_lin 4.938e-10 m^2, 19 MB, 14 s

=== GW190519_153544 C01:IMRPhenomXPHM: building (cache absent)
    samples 100/1600  (0 s, about 7 s left)
    samples 200/1600  (1 s, about 6 s left)
    samples 300/1600  (1 s, about 6 s left)
    samples 400/1600  (2 s, about 5 s left)
    samples 500/1600  (2 s, about 5 s left)
    samples 600/1600  (3 s, about 4 s left)
    samples 700/1600  (3 s, about 4 s left)
    samples 800/1600  (3 s, about 3 s left)
    samples 900/1600  (4 s, about 3 s left)
    samples 1000/1600  (5 s, about 3 s left)
    samples 1100/1600  (5 s, about 2 s left)
    samples 1200/1600  (5 s, about 2 s left)
    samples 1300/1600  (6 s, about 1 s left)
    samples 1400/1600  (6 s, about 1 s left)
    samples 1500/1600  (7 s, about 0 s left)
    samples 1600/1600  (7 s, about 0 s left)
  cached: k 38/38, sigma_lin 1.714e-09 m^2, 8 MB, 8 s

=== GW190521_074359 C01:IMRPhenomXPHM: building (cache absent)
    samples 100/1600  (1 s, about 8 s left)
    samples 200/1600  (1 s, about 8 s left)
    samples 300/1600  (2 s, about 7 s left)
    samples 400/1600  (2 s, about 6 s left)
    samples 500/1600  (3 s, about 6 s left)
    samples 600/1600  (3 s, about 5 s left)
    samples 700/1600  (4 s, about 5 s left)
    samples 800/1600  (4 s, about 4 s left)
    samples 900/1600  (5 s, about 4 s left)
    samples 1000/1600  (6 s, about 3 s left)
    samples 1100/1600  (6 s, about 3 s left)
    samples 1200/1600  (7 s, about 2 s left)
    samples 1300/1600  (7 s, about 2 s left)
    samples 1400/1600  (8 s, about 1 s left)
    samples 1500/1600  (8 s, about 1 s left)
    samples 1600/1600  (9 s, about 0 s left)
  cached: k 21/21, sigma_lin 3.332e-09 m^2, 2 MB, 10 s

=== GW190620_030421 C01:IMRPhenomXPHM: building (cache absent)
    samples 100/1600  (0 s, about 7 s left)
    samples 200/1600  (1 s, about 7 s left)
    samples 300/1600  (1 s, about 6 s left)
    samples 400/1600  (2 s, about 6 s left)
    samples 500/1600  (2 s, about 5 s left)
    samples 600/1600  (3 s, about 5 s left)
    samples 700/1600  (3 s, about 4 s left)
    samples 800/1600  (4 s, about 4 s left)
    samples 900/1600  (5 s, about 4 s left)
    samples 1000/1600  (5 s, about 3 s left)
    samples 1100/1600  (6 s, about 3 s left)
    samples 1200/1600  (6 s, about 2 s left)
    samples 1300/1600  (7 s, about 2 s left)
    samples 1400/1600  (7 s, about 1 s left)
    samples 1500/1600  (8 s, about 1 s left)
    samples 1600/1600  (8 s, about 0 s left)
  cached: k 32/31, sigma_lin 9.097e-10 m^2, 5 MB, 9 s

=== GW190630_185205 C01:IMRPhenomXPHM: building (cache absent)
    samples 100/1600  (1 s, about 12 s left)
    samples 200/1600  (2 s, about 12 s left)
    samples 300/1600  (3 s, about 11 s left)
    samples 400/1600  (3 s, about 10 s left)
    samples 500/1600  (4 s, about 9 s left)
    samples 600/1600  (5 s, about 8 s left)
    samples 700/1600  (6 s, about 8 s left)
    samples 800/1600  (7 s, about 7 s left)
    samples 900/1600  (8 s, about 6 s left)
    samples 1000/1600  (9 s, about 5 s left)
    samples 1100/1600  (10 s, about 4 s left)
    samples 1200/1600  (11 s, about 4 s left)
    samples 1300/1600  (11 s, about 3 s left)
    samples 1400/1600  (12 s, about 2 s left)
    samples 1500/1600  (13 s, about 1 s left)
    samples 1600/1600  (14 s, about 0 s left)
  cached: k 29/31, sigma_lin 4.264e-10 m^2, 9 MB, 15 s

=== GW190706_222641 C01:IMRPhenomXPHM: building (cache absent)
    samples 100/1600  (0 s, about 6 s left)
    samples 200/1600  (1 s, about 6 s left)
    samples 300/1600  (1 s, about 5 s left)
    samples 400/1600  (2 s, about 5 s left)
    samples 500/1600  (2 s, about 4 s left)
    samples 600/1600  (2 s, about 4 s left)
    samples 700/1600  (3 s, about 4 s left)
    samples 800/1600  (3 s, about 3 s left)
    samples 900/1600  (4 s, about 3 s left)
    samples 1000/1600  (4 s, about 3 s left)
    samples 1100/1600  (5 s, about 2 s left)
    samples 1200/1600  (5 s, about 2 s left)
    samples 1300/1600  (6 s, about 1 s left)
    samples 1400/1600  (6 s, about 1 s left)
    samples 1500/1600  (6 s, about 0 s left)
    samples 1600/1600  (7 s, about 0 s left)
  cached: k 25/26, sigma_lin 3.092e-09 m^2, 9 MB, 8 s

=== GW190708_232457 C01:IMRPhenomXPHM: building (cache absent)
    samples 100/1600  (2 s, about 36 s left)
    samples 200/1600  (5 s, about 33 s left)
    samples 300/1600  (7 s, about 31 s left)
    samples 400/1600  (9 s, about 28 s left)
    samples 500/1600  (12 s, about 25 s left)
    samples 600/1600  (14 s, about 23 s left)
    samples 700/1600  (16 s, about 21 s left)
    samples 800/1600  (18 s, about 18 s left)
    samples 900/1600  (22 s, about 17 s left)
    samples 1000/1600  (24 s, about 15 s left)
    samples 1100/1600  (27 s, about 12 s left)
    samples 1200/1600  (29 s, about 10 s left)
    samples 1300/1600  (32 s, about 7 s left)
    samples 1400/1600  (34 s, about 5 s left)
    samples 1500/1600  (36 s, about 2 s left)
    samples 1600/1600  (39 s, about 0 s left)
  cached: k 48/47, sigma_lin 1.987e-10 m^2, 46 MB, 41 s

=== GW190910_112807 C01:IMRPhenomXPHM: building (cache absent)
    samples 100/1600  (1 s, about 8 s left)
    samples 200/1600  (1 s, about 7 s left)
    samples 300/1600  (1 s, about 6 s left)
    samples 400/1600  (2 s, about 6 s left)
    samples 500/1600  (2 s, about 5 s left)
    samples 600/1600  (3 s, about 5 s left)
    samples 700/1600  (3 s, about 4 s left)
    samples 800/1600  (4 s, about 4 s left)
    samples 900/1600  (5 s, about 4 s left)
    samples 1000/1600  (5 s, about 3 s left)
    samples 1100/1600  (6 s, about 3 s left)
    samples 1200/1600  (6 s, about 2 s left)
    samples 1300/1600  (7 s, about 2 s left)
    samples 1400/1600  (7 s, about 1 s left)
    samples 1500/1600  (8 s, about 1 s left)
    samples 1600/1600  (8 s, about 0 s left)
  cached: k 31/31, sigma_lin 1.784e-09 m^2, 5 MB, 9 s

=== GW190915_235702 C01:IMRPhenomXPHM: building (cache absent)
    samples 100/1600  (1 s, about 21 s left)
    samples 200/1600  (3 s, about 19 s left)
    samples 300/1600  (4 s, about 18 s left)
    samples 400/1600  (5 s, about 16 s left)
    samples 500/1600  (7 s, about 15 s left)
    samples 600/1600  (8 s, about 14 s left)
    samples 700/1600  (10 s, about 12 s left)
    samples 800/1600  (11 s, about 11 s left)
    samples 900/1600  (13 s, about 10 s left)
    samples 1000/1600  (15 s, about 9 s left)
    samples 1100/1600  (16 s, about 7 s left)
    samples 1200/1600  (18 s, about 6 s left)
    samples 1300/1600  (19 s, about 4 s left)
    samples 1400/1600  (20 s, about 3 s left)
    samples 1500/1600  (22 s, about 1 s left)
    samples 1600/1600  (23 s, about 0 s left)
  cached: k 41/40, sigma_lin 4.506e-10 m^2, 35 MB, 25 s

=== GW191109_010717 C01:IMRPhenomXPHM: building (cache absent)
    samples 100/1600  (0 s, about 7 s left)
    samples 200/1600  (1 s, about 6 s left)
    samples 300/1600  (1 s, about 6 s left)
    samples 400/1600  (2 s, about 5 s left)
    samples 500/1600  (2 s, about 5 s left)
    samples 600/1600  (3 s, about 4 s left)
    samples 700/1600  (3 s, about 4 s left)
    samples 800/1600  (3 s, about 3 s left)
    samples 900/1600  (4 s, about 3 s left)
    samples 1000/1600  (4 s, about 3 s left)
    samples 1100/1600  (5 s, about 2 s left)
    samples 1200/1600  (5 s, about 2 s left)
    samples 1300/1600  (6 s, about 1 s left)
    samples 1400/1600  (6 s, about 1 s left)
    samples 1500/1600  (7 s, about 0 s left)
    samples 1600/1600  (7 s, about 0 s left)
  cached: k 21/21, sigma_lin 1.330e-09 m^2, 4 MB, 8 s

=== GW191129_134029 C01:IMRPhenomXPHM: building (cache absent)
  WARNING H1: band 20.0–2048.0 Hz outside calibration nodes 20.0–1792.0 Hz (spline extrapolated)
  WARNING L1: band 20.0–2048.0 Hz outside calibration nodes 20.0–1792.0 Hz (spline extrapolated)
    samples 100/1600  (4 s, about 63 s left)
    samples 200/1600  (8 s, about 57 s left)
    samples 300/1600  (12 s, about 53 s left)
    samples 400/1600  (16 s, about 49 s left)
    samples 500/1600  (20 s, about 45 s left)
    samples 600/1600  (24 s, about 41 s left)
    samples 700/1600  (28 s, about 36 s left)
    samples 800/1600  (32 s, about 32 s left)
    samples 900/1600  (39 s, about 30 s left)
    samples 1000/1600  (43 s, about 26 s left)
    samples 1100/1600  (47 s, about 21 s left)
    samples 1200/1600  (51 s, about 17 s left)
    samples 1300/1600  (55 s, about 13 s left)
    samples 1400/1600  (59 s, about 8 s left)
    samples 1500/1600  (63 s, about 4 s left)
    samples 1600/1600  (67 s, about 0 s left)
  cached: k 36/35, sigma_lin 6.508e-11 m^2, 93 MB, 71 s

=== GW191216_213338 C01:IMRPhenomXPHM: building (cache absent)
  WARNING H1: band 20.0–2048.0 Hz outside calibration nodes 20.0–1792.0 Hz (spline extrapolated)
  WARNING V1: band 20.0–2048.0 Hz outside calibration nodes 20.0–1792.0 Hz (spline extrapolated)
    samples 100/1600  (4 s, about 64 s left)
    samples 200/1600  (8 s, about 57 s left)
    samples 300/1600  (12 s, about 52 s left)
    samples 400/1600  (16 s, about 48 s left)
    samples 500/1600  (20 s, about 44 s left)
    samples 600/1600  (24 s, about 39 s left)
    samples 700/1600  (28 s, about 35 s left)
    samples 800/1600  (31 s, about 31 s left)
    samples 900/1600  (38 s, about 30 s left)
    samples 1000/1600  (42 s, about 25 s left)
    samples 1100/1600  (46 s, about 21 s left)
    samples 1200/1600  (50 s, about 17 s left)
    samples 1300/1600  (54 s, about 12 s left)
    samples 1400/1600  (58 s, about 8 s left)
    samples 1500/1600  (62 s, about 4 s left)
    samples 1600/1600  (66 s, about 0 s left)
  cached: k 36/37, sigma_lin 1.108e-10 m^2, 94 MB, 71 s

=== GW191222_033537 C01:IMRPhenomXPHM: building (cache absent)
    samples 100/1600  (1 s, about 12 s left)
    samples 200/1600  (2 s, about 11 s left)
    samples 300/1600  (2 s, about 11 s left)
    samples 400/1600  (3 s, about 10 s left)
    samples 500/1600  (4 s, about 9 s left)
    samples 600/1600  (5 s, about 8 s left)
    samples 700/1600  (6 s, about 7 s left)
    samples 800/1600  (6 s, about 6 s left)
    samples 900/1600  (8 s, about 6 s left)
    samples 1000/1600  (9 s, about 5 s left)
    samples 1100/1600  (9 s, about 4 s left)
    samples 1200/1600  (10 s, about 3 s left)
    samples 1300/1600  (11 s, about 3 s left)
    samples 1400/1600  (12 s, about 2 s left)
    samples 1500/1600  (13 s, about 1 s left)
    samples 1600/1600  (14 s, about 0 s left)
  cached: k 29/29, sigma_lin 2.741e-09 m^2, 9 MB, 15 s

=== GW200112_155838 C01:IMRPhenomXPHM: building (cache absent)
    samples 100/1600  (1 s, about 12 s left)
    samples 200/1600  (2 s, about 11 s left)
    samples 300/1600  (2 s, about 10 s left)
    samples 400/1600  (3 s, about 9 s left)
    samples 500/1600  (4 s, about 8 s left)
    samples 600/1600  (4 s, about 7 s left)
    samples 700/1600  (5 s, about 7 s left)
    samples 800/1600  (6 s, about 6 s left)
    samples 900/1600  (7 s, about 6 s left)
    samples 1000/1600  (8 s, about 5 s left)
    samples 1100/1600  (9 s, about 4 s left)
    samples 1200/1600  (9 s, about 3 s left)
    samples 1300/1600  (10 s, about 2 s left)
    samples 1400/1600  (11 s, about 2 s left)
    samples 1500/1600  (12 s, about 1 s left)
    samples 1600/1600  (12 s, about 0 s left)
  cached: k 33/32, sigma_lin 8.780e-10 m^2, 10 MB, 14 s

=== GW200129_065458 C01:IMRPhenomXPHM: building (cache absent)
    samples 100/1600  (1 s, about 22 s left)
    samples 200/1600  (3 s, about 20 s left)
    samples 300/1600  (4 s, about 19 s left)
    samples 400/1600  (6 s, about 17 s left)
    samples 500/1600  (7 s, about 15 s left)
    samples 600/1600  (8 s, about 14 s left)
    samples 700/1600  (10 s, about 12 s left)
    samples 800/1600  (11 s, about 11 s left)
    samples 900/1600  (13 s, about 10 s left)
    samples 1000/1600  (15 s, about 9 s left)
    samples 1100/1600  (16 s, about 7 s left)
    samples 1200/1600  (17 s, about 6 s left)
    samples 1300/1600  (19 s, about 4 s left)
    samples 1400/1600  (20 s, about 3 s left)
    samples 1500/1600  (22 s, about 1 s left)
    samples 1600/1600  (23 s, about 0 s left)
  cached: k 27/26, sigma_lin 5.394e-10 m^2, 31 MB, 25 s

=== GW200224_222234 C01:IMRPhenomXPHM: building (cache absent)
    samples 100/1600  (1 s, about 8 s left)
    samples 200/1600  (1 s, about 7 s left)
    samples 300/1600  (2 s, about 7 s left)
    samples 400/1600  (2 s, about 6 s left)
    samples 500/1600  (3 s, about 6 s left)
    samples 600/1600  (3 s, about 5 s left)
    samples 700/1600  (4 s, about 5 s left)
    samples 800/1600  (4 s, about 4 s left)
    samples 900/1600  (5 s, about 4 s left)
    samples 1000/1600  (6 s, about 3 s left)
    samples 1100/1600  (6 s, about 3 s left)
    samples 1200/1600  (7 s, about 2 s left)
    samples 1300/1600  (7 s, about 2 s left)
    samples 1400/1600  (8 s, about 1 s left)
    samples 1500/1600  (8 s, about 1 s left)
    samples 1600/1600  (9 s, about 0 s left)
  cached: k 25/25, sigma_lin 4.391e-10 m^2, 7 MB, 10 s

=== GW200311_115853 C01:IMRPhenomXPHM: building (cache absent)
    samples 100/1600  (1 s, about 12 s left)
    samples 200/1600  (2 s, about 12 s left)
    samples 300/1600  (2 s, about 11 s left)
    samples 400/1600  (3 s, about 10 s left)
    samples 500/1600  (4 s, about 9 s left)
    samples 600/1600  (5 s, about 8 s left)
    samples 700/1600  (6 s, about 7 s left)
    samples 800/1600  (7 s, about 7 s left)
    samples 900/1600  (8 s, about 6 s left)
    samples 1000/1600  (9 s, about 5 s left)
    samples 1100/1600  (9 s, about 4 s left)
    samples 1200/1600  (10 s, about 3 s left)
    samples 1300/1600  (11 s, about 3 s left)
    samples 1400/1600  (12 s, about 2 s left)
    samples 1500/1600  (13 s, about 1 s left)
    samples 1600/1600  (13 s, about 0 s left)
  cached: k 27/26, sigma_lin 4.612e-10 m^2, 15 MB, 15 s

=== GW230601_224134 C00:IMRPhenomXPHM-SpinTaylor: building (cache absent)
    samples 100/1600  (0 s, about 7 s left)
    samples 200/1600  (1 s, about 6 s left)
    samples 300/1600  (1 s, about 6 s left)
    samples 400/1600  (2 s, about 5 s left)
    samples 500/1600  (2 s, about 5 s left)
    samples 600/1600  (3 s, about 4 s left)
    samples 700/1600  (3 s, about 4 s left)
    samples 800/1600  (4 s, about 4 s left)
    samples 900/1600  (4 s, about 3 s left)
    samples 1000/1600  (5 s, about 3 s left)
    samples 1100/1600  (5 s, about 2 s left)
    samples 1200/1600  (6 s, about 2 s left)
    samples 1300/1600  (6 s, about 1 s left)
    samples 1400/1600  (7 s, about 1 s left)
    samples 1500/1600  (7 s, about 0 s left)
    samples 1600/1600  (8 s, about 0 s left)
  cached: k 20/20, sigma_lin 5.805e-10 m^2, 4 MB, 8 s

=== GW230627_015337 C00:IMRPhenomXPHM-SpinTaylor: building (cache differs in code_sha256)
    samples 100/1600  (19 s, about 291 s left)
    samples 200/1600  (38 s, about 264 s left)
    samples 300/1600  (55 s, about 240 s left)
    samples 400/1600  (74 s, about 223 s left)
    samples 500/1600  (93 s, about 204 s left)
    samples 600/1600  (112 s, about 186 s left)
    samples 700/1600  (129 s, about 166 s left)
    samples 800/1600  (147 s, about 147 s left)
    samples 900/1600  (177 s, about 137 s left)
    samples 1000/1600  (195 s, about 117 s left)
    samples 1100/1600  (214 s, about 97 s left)
    samples 1200/1600  (232 s, about 77 s left)
    samples 1300/1600  (250 s, about 58 s left)
    samples 1400/1600  (269 s, about 38 s left)
    samples 1500/1600  (287 s, about 19 s left)
    samples 1600/1600  (306 s, about 0 s left)
  cached: k 27/25, sigma_lin 3.695e-11 m^2, 291 MB, 315 s

=== GW230628_231200 C00:IMRPhenomXPHM-SpinTaylor: building (cache absent)
    samples 100/1600  (1 s, about 18 s left)
    samples 200/1600  (2 s, about 17 s left)
    samples 300/1600  (4 s, about 16 s left)
    samples 400/1600  (5 s, about 14 s left)
    samples 500/1600  (6 s, about 13 s left)
    samples 600/1600  (7 s, about 12 s left)
    samples 700/1600  (8 s, about 11 s left)
    samples 800/1600  (9 s, about 9 s left)
    samples 900/1600  (11 s, about 8 s left)
    samples 1000/1600  (12 s, about 7 s left)
    samples 1100/1600  (13 s, about 6 s left)
    samples 1200/1600  (14 s, about 5 s left)
    samples 1300/1600  (15 s, about 4 s left)
    samples 1400/1600  (17 s, about 2 s left)
    samples 1500/1600  (18 s, about 1 s left)
    samples 1600/1600  (19 s, about 0 s left)
  cached: k 22/23, sigma_lin 3.982e-10 m^2, 8 MB, 19 s

=== GW230731_215307 C00:IMRPhenomXPHM-SpinTaylor: building (cache absent)
  WARNING H1: band 20.0–1792.0 Hz outside calibration nodes 40.0–1792.0 Hz (spline extrapolated)
    samples 100/1600  (10 s, about 145 s left)
    samples 200/1600  (19 s, about 130 s left)
    samples 300/1600  (28 s, about 119 s left)
    samples 400/1600  (37 s, about 110 s left)
    samples 500/1600  (45 s, about 100 s left)
    samples 600/1600  (54 s, about 91 s left)
    samples 700/1600  (64 s, about 82 s left)
    samples 800/1600  (73 s, about 73 s left)
    samples 900/1600  (86 s, about 67 s left)
    samples 1000/1600  (95 s, about 57 s left)
    samples 1100/1600  (104 s, about 47 s left)
    samples 1200/1600  (114 s, about 38 s left)
    samples 1300/1600  (123 s, about 28 s left)
    samples 1400/1600  (131 s, about 19 s left)
    samples 1500/1600  (140 s, about 9 s left)
    samples 1600/1600  (149 s, about 0 s left)
  cached: k 31/30, sigma_lin 1.068e-10 m^2, 154 MB, 153 s

=== GW230811_032116 C00:IMRPhenomXPHM-SpinTaylor: building (cache absent)
    samples 100/1600  (1 s, about 18 s left)
    samples 200/1600  (2 s, about 17 s left)
    samples 300/1600  (4 s, about 16 s left)
    samples 400/1600  (5 s, about 15 s left)
    samples 500/1600  (6 s, about 13 s left)
    samples 600/1600  (7 s, about 12 s left)
    samples 700/1600  (9 s, about 11 s left)
    samples 800/1600  (10 s, about 10 s left)
    samples 900/1600  (11 s, about 9 s left)
    samples 1000/1600  (13 s, about 8 s left)
    samples 1100/1600  (14 s, about 6 s left)
    samples 1200/1600  (15 s, about 5 s left)
    samples 1300/1600  (16 s, about 4 s left)
    samples 1400/1600  (17 s, about 2 s left)
    samples 1500/1600  (18 s, about 1 s left)
    samples 1600/1600  (20 s, about 0 s left)
  cached: k 30/29, sigma_lin 5.210e-10 m^2, 9 MB, 20 s

=== GW230914_111401 C00:IMRPhenomXPHM-SpinTaylor: building (cache absent)
    samples 100/1600  (1 s, about 13 s left)
    samples 200/1600  (2 s, about 12 s left)
    samples 300/1600  (3 s, about 11 s left)
    samples 400/1600  (3 s, about 10 s left)
    samples 500/1600  (4 s, about 9 s left)
    samples 600/1600  (5 s, about 8 s left)
    samples 700/1600  (6 s, about 7 s left)
    samples 800/1600  (7 s, about 7 s left)
    samples 900/1600  (8 s, about 6 s left)
    samples 1000/1600  (9 s, about 5 s left)
    samples 1100/1600  (9 s, about 4 s left)
    samples 1200/1600  (10 s, about 3 s left)
    samples 1300/1600  (11 s, about 3 s left)
    samples 1400/1600  (12 s, about 2 s left)
    samples 1500/1600  (13 s, about 1 s left)
    samples 1600/1600  (14 s, about 0 s left)
  cached: k 26/26, sigma_lin 1.574e-09 m^2, 9 MB, 14 s

=== GW230919_215712 C00:IMRPhenomXPHM-SpinTaylor: building (cache absent)
    samples 100/1600  (2 s, about 30 s left)
    samples 200/1600  (4 s, about 27 s left)
    samples 300/1600  (6 s, about 24 s left)
    samples 400/1600  (7 s, about 22 s left)
    samples 500/1600  (9 s, about 20 s left)
    samples 600/1600  (11 s, about 18 s left)
    samples 700/1600  (13 s, about 16 s left)
    samples 800/1600  (14 s, about 14 s left)
    samples 900/1600  (17 s, about 13 s left)
    samples 1000/1600  (19 s, about 11 s left)
    samples 1100/1600  (20 s, about 9 s left)
    samples 1200/1600  (22 s, about 7 s left)
    samples 1300/1600  (24 s, about 6 s left)
    samples 1400/1600  (26 s, about 4 s left)
    samples 1500/1600  (27 s, about 2 s left)
    samples 1600/1600  (29 s, about 0 s left)
  cached: k 28/27, sigma_lin 2.685e-10 m^2, 18 MB, 30 s

=== GW230922_020344 C00:IMRPhenomXPHM-SpinTaylor: building (cache absent)
    samples 100/1600  (1 s, about 15 s left)
    samples 200/1600  (2 s, about 15 s left)
    samples 300/1600  (3 s, about 14 s left)
    samples 400/1600  (4 s, about 13 s left)
    samples 500/1600  (5 s, about 12 s left)
    samples 600/1600  (6 s, about 11 s left)
    samples 700/1600  (7 s, about 10 s left)
    samples 800/1600  (9 s, about 9 s left)
    samples 900/1600  (11 s, about 9 s left)
    samples 1000/1600  (12 s, about 7 s left)
    samples 1100/1600  (13 s, about 6 s left)
    samples 1200/1600  (15 s, about 5 s left)
    samples 1300/1600  (17 s, about 4 s left)
    samples 1400/1600  (18 s, about 3 s left)
    samples 1500/1600  (19 s, about 1 s left)
    samples 1600/1600  (20 s, about 0 s left)
  cached: k 22/23, sigma_lin 3.981e-10 m^2, 8 MB, 22 s

=== GW230922_040658 C00:IMRPhenomXPHM-SpinTaylor: building (cache absent)
    samples 100/1600  (1 s, about 12 s left)
    samples 200/1600  (2 s, about 11 s left)
    samples 300/1600  (2 s, about 10 s left)
    samples 400/1600  (3 s, about 9 s left)
    samples 500/1600  (3 s, about 8 s left)
    samples 600/1600  (4 s, about 7 s left)
    samples 700/1600  (5 s, about 6 s left)
    samples 800/1600  (6 s, about 6 s left)
    samples 900/1600  (8 s, about 6 s left)
    samples 1000/1600  (9 s, about 5 s left)
    samples 1100/1600  (9 s, about 4 s left)
    samples 1200/1600  (10 s, about 3 s left)
    samples 1300/1600  (11 s, about 2 s left)
    samples 1400/1600  (11 s, about 2 s left)
    samples 1500/1600  (12 s, about 1 s left)
    samples 1600/1600  (13 s, about 0 s left)
  cached: k 19/19, sigma_lin 6.118e-10 m^2, 8 MB, 13 s

=== GW230924_124453 C00:IMRPhenomXPHM-SpinTaylor: building (cache absent)
    samples 100/1600  (1 s, about 20 s left)
    samples 200/1600  (2 s, about 17 s left)
    samples 300/1600  (4 s, about 16 s left)
    samples 400/1600  (5 s, about 15 s left)
    samples 500/1600  (6 s, about 14 s left)
    samples 600/1600  (8 s, about 13 s left)
    samples 700/1600  (9 s, about 11 s left)
    samples 800/1600  (10 s, about 10 s left)
    samples 900/1600  (12 s, about 9 s left)
    samples 1000/1600  (13 s, about 8 s left)
    samples 1100/1600  (14 s, about 6 s left)
    samples 1200/1600  (16 s, about 5 s left)
    samples 1300/1600  (17 s, about 4 s left)
    samples 1400/1600  (18 s, about 3 s left)
    samples 1500/1600  (19 s, about 1 s left)
    samples 1600/1600  (20 s, about 0 s left)
  cached: k 22/22, sigma_lin 4.796e-10 m^2, 8 MB, 21 s

=== GW230927_043729 C00:IMRPhenomXPHM-SpinTaylor: building (cache absent)
    samples 100/1600  (1 s, about 16 s left)
    samples 200/1600  (2 s, about 15 s left)
    samples 300/1600  (3 s, about 14 s left)
    samples 400/1600  (4 s, about 13 s left)
    samples 500/1600  (5 s, about 12 s left)
    samples 600/1600  (6 s, about 11 s left)
    samples 700/1600  (8 s, about 10 s left)
    samples 800/1600  (9 s, about 9 s left)
    samples 900/1600  (10 s, about 8 s left)
    samples 1000/1600  (11 s, about 7 s left)
    samples 1100/1600  (12 s, about 6 s left)
    samples 1200/1600  (13 s, about 4 s left)
    samples 1300/1600  (14 s, about 3 s left)
    samples 1400/1600  (15 s, about 2 s left)
    samples 1500/1600  (17 s, about 1 s left)
    samples 1600/1600  (18 s, about 0 s left)
  cached: k 26/26, sigma_lin 4.832e-10 m^2, 9 MB, 20 s

=== GW230927_153832 C00:IMRPhenomXPHM-SpinTaylor: building (cache absent)
    samples 100/1600  (3 s, about 42 s left)
    samples 200/1600  (6 s, about 39 s left)
    samples 300/1600  (8 s, about 35 s left)
    samples 400/1600  (11 s, about 33 s left)
    samples 500/1600  (14 s, about 30 s left)
    samples 600/1600  (16 s, about 27 s left)
    samples 700/1600  (19 s, about 24 s left)
    samples 800/1600  (22 s, about 22 s left)
    samples 900/1600  (27 s, about 21 s left)
    samples 1000/1600  (29 s, about 18 s left)
    samples 1100/1600  (32 s, about 14 s left)
    samples 1200/1600  (35 s, about 12 s left)
    samples 1300/1600  (37 s, about 9 s left)
    samples 1400/1600  (40 s, about 6 s left)
    samples 1500/1600  (42 s, about 3 s left)
    samples 1600/1600  (45 s, about 0 s left)
  cached: k 22/22, sigma_lin 2.456e-10 m^2, 17 MB, 46 s

=== GW231020_142947 C00:IMRPhenomXPHM-SpinTaylor: building (cache absent)
  WARNING H1: band 20.0–1792.0 Hz outside calibration nodes 45.0–1792.0 Hz (spline extrapolated)
    samples 100/1600  (12 s, about 174 s left)
    samples 200/1600  (21 s, about 146 s left)
    samples 300/1600  (30 s, about 128 s left)
    samples 400/1600  (39 s, about 116 s left)
    samples 500/1600  (48 s, about 105 s left)
    samples 600/1600  (56 s, about 94 s left)
    samples 700/1600  (65 s, about 84 s left)
    samples 800/1600  (75 s, about 75 s left)
    samples 900/1600  (90 s, about 70 s left)
    samples 1000/1600  (100 s, about 60 s left)
    samples 1100/1600  (109 s, about 50 s left)
    samples 1200/1600  (118 s, about 39 s left)
    samples 1300/1600  (127 s, about 29 s left)
    samples 1400/1600  (136 s, about 19 s left)
    samples 1500/1600  (145 s, about 10 s left)
    samples 1600/1600  (154 s, about 0 s left)
  cached: k 34/33, sigma_lin 5.653e-11 m^2, 159 MB, 160 s

=== GW231028_153006 C00:IMRPhenomXPHM-SpinTaylor: building (cache absent)
    samples 100/1600  (1 s, about 10 s left)
    samples 200/1600  (1 s, about 9 s left)
    samples 300/1600  (2 s, about 8 s left)
    samples 400/1600  (3 s, about 8 s left)
    samples 500/1600  (3 s, about 7 s left)
    samples 600/1600  (4 s, about 7 s left)
    samples 700/1600  (5 s, about 6 s left)
    samples 800/1600  (5 s, about 5 s left)
    samples 900/1600  (7 s, about 5 s left)
    samples 1000/1600  (7 s, about 4 s left)
    samples 1100/1600  (8 s, about 4 s left)
    samples 1200/1600  (9 s, about 3 s left)
    samples 1300/1600  (10 s, about 2 s left)
    samples 1400/1600  (10 s, about 1 s left)
    samples 1500/1600  (11 s, about 1 s left)
    samples 1600/1600  (12 s, about 0 s left)
  cached: k 20/20, sigma_lin 4.885e-09 m^2, 8 MB, 12 s

=== GW231102_071736 C00:IMRPhenomXPHM-SpinTaylor: building (cache absent)
    samples 100/1600  (0 s, about 7 s left)
    samples 200/1600  (1 s, about 6 s left)
    samples 300/1600  (1 s, about 6 s left)
    samples 400/1600  (2 s, about 6 s left)
    samples 500/1600  (2 s, about 5 s left)
    samples 600/1600  (3 s, about 5 s left)
    samples 700/1600  (3 s, about 4 s left)
    samples 800/1600  (4 s, about 4 s left)
    samples 900/1600  (5 s, about 4 s left)
    samples 1000/1600  (5 s, about 3 s left)
    samples 1100/1600  (6 s, about 3 s left)
    samples 1200/1600  (6 s, about 2 s left)
    samples 1300/1600  (7 s, about 2 s left)
    samples 1400/1600  (7 s, about 1 s left)
    samples 1500/1600  (8 s, about 1 s left)
    samples 1600/1600  (8 s, about 0 s left)
  cached: k 21/22, sigma_lin 1.277e-09 m^2, 4 MB, 8 s

=== GW231108_125142 C00:IMRPhenomXPHM-SpinTaylor: building (cache absent)
    samples 100/1600  (2 s, about 31 s left)
    samples 200/1600  (4 s, about 29 s left)
    samples 300/1600  (6 s, about 26 s left)
    samples 400/1600  (8 s, about 24 s left)
    samples 500/1600  (10 s, about 22 s left)
    samples 600/1600  (12 s, about 20 s left)
    samples 700/1600  (14 s, about 18 s left)
    samples 800/1600  (16 s, about 16 s left)
    samples 900/1600  (20 s, about 15 s left)
    samples 1000/1600  (22 s, about 13 s left)
    samples 1100/1600  (24 s, about 11 s left)
    samples 1200/1600  (25 s, about 8 s left)
    samples 1300/1600  (27 s, about 6 s left)
    samples 1400/1600  (29 s, about 4 s left)
    samples 1500/1600  (31 s, about 2 s left)
    samples 1600/1600  (33 s, about 0 s left)
  cached: k 21/21, sigma_lin 1.408e-10 m^2, 17 MB, 34 s

=== GW231206_233134 C00:IMRPhenomXPHM-SpinTaylor: building (cache absent)
  WARNING H1: band 30.0–448.0 Hz outside calibration nodes 40.0–448.0 Hz (spline extrapolated)
    samples 100/1600  (1 s, about 17 s left)
    samples 200/1600  (2 s, about 15 s left)
    samples 300/1600  (3 s, about 14 s left)
    samples 400/1600  (4 s, about 13 s left)
    samples 500/1600  (5 s, about 12 s left)
    samples 600/1600  (6 s, about 11 s left)
    samples 700/1600  (7 s, about 10 s left)
    samples 800/1600  (8 s, about 8 s left)
    samples 900/1600  (10 s, about 8 s left)
    samples 1000/1600  (11 s, about 6 s left)
    samples 1100/1600  (12 s, about 5 s left)
    samples 1200/1600  (13 s, about 4 s left)
    samples 1300/1600  (14 s, about 3 s left)
    samples 1400/1600  (15 s, about 2 s left)
    samples 1500/1600  (16 s, about 1 s left)
    samples 1600/1600  (17 s, about 0 s left)
  cached: k 18/19, sigma_lin 3.651e-10 m^2, 8 MB, 18 s

=== GW231206_233901 C00:IMRPhenomXPHM-SpinTaylor: building (cache absent)
    samples 100/1600  (1 s, about 16 s left)
    samples 200/1600  (2 s, about 15 s left)
    samples 300/1600  (3 s, about 14 s left)
    samples 400/1600  (4 s, about 13 s left)
    samples 500/1600  (5 s, about 12 s left)
    samples 600/1600  (6 s, about 11 s left)
    samples 700/1600  (7 s, about 10 s left)
    samples 800/1600  (9 s, about 9 s left)
    samples 900/1600  (10 s, about 8 s left)
    samples 1000/1600  (11 s, about 7 s left)
    samples 1100/1600  (12 s, about 5 s left)
    samples 1200/1600  (13 s, about 4 s left)
    samples 1300/1600  (14 s, about 3 s left)
    samples 1400/1600  (15 s, about 2 s left)
    samples 1500/1600  (16 s, about 1 s left)
    samples 1600/1600  (18 s, about 0 s left)
  cached: k 23/23, sigma_lin 6.773e-10 m^2, 8 MB, 18 s

=== GW231224_024321 C00:IMRPhenomXPHM-SpinTaylor: building (cache absent)
  WARNING H1: band 20.0–1792.0 Hz outside calibration nodes 40.0–1792.0 Hz (spline extrapolated)
    samples 100/1600  (12 s, about 177 s left)
    samples 200/1600  (21 s, about 149 s left)
    samples 300/1600  (31 s, about 133 s left)
    samples 400/1600  (40 s, about 120 s left)
    samples 500/1600  (50 s, about 109 s left)
    samples 600/1600  (59 s, about 99 s left)
    samples 700/1600  (69 s, about 89 s left)
    samples 800/1600  (79 s, about 79 s left)
    samples 900/1600  (94 s, about 73 s left)
    samples 1000/1600  (104 s, about 62 s left)
    samples 1100/1600  (113 s, about 51 s left)
    samples 1200/1600  (122 s, about 41 s left)
    samples 1300/1600  (132 s, about 30 s left)
    samples 1400/1600  (142 s, about 20 s left)
    samples 1500/1600  (151 s, about 10 s left)
    samples 1600/1600  (161 s, about 0 s left)
  cached: k 25/25, sigma_lin 2.337e-11 m^2, 144 MB, 166 s

=== GW231226_101520 C00:IMRPhenomXPHM-SpinTaylor: building (cache absent)
    samples 100/1600  (1 s, about 10 s left)
    samples 200/1600  (1 s, about 9 s left)
    samples 300/1600  (2 s, about 8 s left)
    samples 400/1600  (3 s, about 8 s left)
    samples 500/1600  (3 s, about 7 s left)
    samples 600/1600  (4 s, about 7 s left)
    samples 700/1600  (5 s, about 6 s left)
    samples 800/1600  (5 s, about 5 s left)
    samples 900/1600  (7 s, about 5 s left)
    samples 1000/1600  (7 s, about 4 s left)
    samples 1100/1600  (8 s, about 4 s left)
    samples 1200/1600  (9 s, about 3 s left)
    samples 1300/1600  (9 s, about 2 s left)
    samples 1400/1600  (10 s, about 1 s left)
    samples 1500/1600  (11 s, about 1 s left)
    samples 1600/1600  (11 s, about 0 s left)
  cached: k 17/17, sigma_lin 5.721e-10 m^2, 4 MB, 12 s
