code SHA-256 113fd4f25343d9e74fd1efda1db44bdffaac6364bc9c34b887b745f8e054a8f8
status: trial (no freeze manifest)

=== GW150914 C01:IMRPhenomXPHM: building (cache absent)
    samples 100/1600  (1 s, about 19 s left)
    samples 200/1600  (2 s, about 16 s left)
    samples 300/1600  (3 s, about 13 s left)
    samples 400/1600  (4 s, about 11 s left)
    samples 500/1600  (4 s, about 10 s left)
    samples 600/1600  (5 s, about 9 s left)
    samples 700/1600  (6 s, about 8 s left)
    samples 800/1600  (7 s, about 7 s left)
    samples 900/1600  (8 s, about 6 s left)
    samples 1000/1600  (9 s, about 5 s left)
    samples 1100/1600  (10 s, about 4 s left)
    samples 1200/1600  (11 s, about 4 s left)
    samples 1300/1600  (11 s, about 3 s left)
    samples 1400/1600  (12 s, about 2 s left)
    samples 1500/1600  (13 s, about 1 s left)
    samples 1600/1600  (14 s, about 0 s left)
  cached: k 18/18, sigma_lin 9.475e-10 m^2, 8 MB, 17 s
code SHA-256 113fd4f25343d9e74fd1efda1db44bdffaac6364bc9c34b887b745f8e054a8f8
status: trial (no freeze manifest)

=== GW230627_015337 C00:IMRPhenomXPHM-SpinTaylor: building (cache absent)
    samples 100/1600  (19 s, about 285 s left)
    samples 200/1600  (37 s, about 256 s left)
    samples 300/1600  (54 s, about 235 s left)
    samples 400/1600  (72 s, about 216 s left)
    samples 500/1600  (90 s, about 199 s left)
    samples 600/1600  (109 s, about 181 s left)
    samples 700/1600  (126 s, about 162 s left)
    samples 800/1600  (144 s, about 144 s left)
    samples 900/1600  (170 s, about 132 s left)
    samples 1000/1600  (190 s, about 114 s left)
    samples 1100/1600  (208 s, about 94 s left)
    samples 1200/1600  (226 s, about 75 s left)
    samples 1300/1600  (244 s, about 56 s left)
    samples 1400/1600  (262 s, about 37 s left)
    samples 1500/1600  (280 s, about 19 s left)
    samples 1600/1600  (298 s, about 0 s left)
  cached: k 27/25, sigma_lin 3.695e-11 m^2, 291 MB, 309 s

=== GW230627_015337 C00:SEOBNRv5PHM: building (cache absent)
    samples 100/1600  (54 s, about 804 s left)
    samples 200/1600  (106 s, about 744 s left)
    samples 300/1600  (157 s, about 681 s left)
    samples 400/1600  (208 s, about 625 s left)
    samples 500/1600  (259 s, about 570 s left)
    samples 600/1600  (310 s, about 517 s left)
    samples 700/1600  (361 s, about 464 s left)
    samples 800/1600  (413 s, about 413 s left)
    samples 900/1600  (472 s, about 367 s left)
    samples 1000/1600  (523 s, about 314 s left)
    samples 1100/1600  (573 s, about 261 s left)
    samples 1200/1600  (624 s, about 208 s left)
    samples 1300/1600  (674 s, about 156 s left)
    samples 1400/1600  (725 s, about 104 s left)
    samples 1500/1600  (776 s, about 52 s left)
    samples 1600/1600  (826 s, about 0 s left)
  cached: k 23/23, sigma_lin 2.238e-11 m^2, 280 MB, 854 s
code SHA-256 68b00bc6b45ec4e8fdcc3e76cd11a4ab925e1d20227fc774063ca7acf5bd9921
status: trial (no freeze manifest)

=== GW150914 C01:IMRPhenomXPHM: building (cache differs in code_sha256)
    samples 100/1600  (1 s, about 19 s left)
    samples 200/1600  (2 s, about 17 s left)
    samples 300/1600  (4 s, about 16 s left)
    samples 400/1600  (4 s, about 13 s left)
    samples 500/1600  (5 s, about 11 s left)
    samples 600/1600  (6 s, about 10 s left)
    samples 700/1600  (7 s, about 9 s left)
    samples 800/1600  (8 s, about 8 s left)
    samples 900/1600  (9 s, about 7 s left)
    samples 1000/1600  (10 s, about 6 s left)
    samples 1100/1600  (11 s, about 5 s left)
    samples 1200/1600  (12 s, about 4 s left)
    samples 1300/1600  (12 s, about 3 s left)
    samples 1400/1600  (13 s, about 2 s left)
    samples 1500/1600  (14 s, about 1 s left)
    samples 1600/1600  (15 s, about 0 s left)
  cached: k 18/18, sigma_lin 9.475e-10 m^2, 8 MB, 19 s

=== GW230627_015337 C00:IMRPhenomXPHM-SpinTaylor: building (cache differs in code_sha256)
    samples 100/1600  (20 s, about 296 s left)
    samples 200/1600  (39 s, about 270 s left)
    samples 300/1600  (56 s, about 245 s left)
    samples 400/1600  (75 s, about 225 s left)
    samples 500/1600  (93 s, about 206 s left)
    samples 600/1600  (112 s, about 187 s left)
    samples 700/1600  (130 s, about 167 s left)
    samples 800/1600  (148 s, about 148 s left)
    samples 900/1600  (175 s, about 136 s left)
    samples 1000/1600  (194 s, about 117 s left)
    samples 1100/1600  (213 s, about 97 s left)
    samples 1200/1600  (231 s, about 77 s left)
    samples 1300/1600  (250 s, about 58 s left)
    samples 1400/1600  (268 s, about 38 s left)
    samples 1500/1600  (287 s, about 19 s left)
    samples 1600/1600  (306 s, about 0 s left)
  cached: k 27/25, sigma_lin 3.695e-11 m^2, 291 MB, 319 s
